/Users/faizandarsot/spotwatchllc/stm32ai-modelzoo-services/application_code/object_detection/STM32N6/Model/STM32N6570-DK/network.c:1043:13:_ec_blob_cache_start_func_131	8	static
/Users/faizandarsot/spotwatchllc/stm32ai-modelzoo-services/application_code/object_detection/STM32N6/Model/STM32N6570-DK/network.c:368:13:_ec_blob_cache_start_func_65	8	static
/Users/faizandarsot/spotwatchllc/stm32ai-modelzoo-services/application_code/object_detection/STM32N6/Model/STM32N6570-DK/network.c:245:13:_ec_blob_cache_start_func_60	0	static
/Users/faizandarsot/spotwatchllc/stm32ai-modelzoo-services/application_code/object_detection/STM32N6/Model/STM32N6570-DK/network.c:116:13:_ec_blob_cache_start_func_1	8	static
/Users/faizandarsot/spotwatchllc/stm32ai-modelzoo-services/application_code/object_detection/STM32N6/Model/STM32N6570-DK/network.c:979:13:LL_ATON_End_EpochBlock_130	200	static
/Users/faizandarsot/spotwatchllc/stm32ai-modelzoo-services/application_code/object_detection/STM32N6/Model/STM32N6570-DK/network.c:620:13:LL_ATON_End_EpochBlock_127	200	static
/Users/faizandarsot/spotwatchllc/stm32ai-modelzoo-services/application_code/object_detection/STM32N6/Model/STM32N6570-DK/network.c:891:13:LL_ATON_End_EpochBlock_129	344	static
/Users/faizandarsot/spotwatchllc/stm32ai-modelzoo-services/application_code/object_detection/STM32N6/Model/STM32N6570-DK/network.c:683:13:LL_ATON_End_EpochBlock_128	24	static
/Users/faizandarsot/spotwatchllc/stm32ai-modelzoo-services/application_code/object_detection/STM32N6/Model/STM32N6570-DK/network.c:412:13:LL_ATON_End_EpochBlock_126	24	static
/Users/faizandarsot/spotwatchllc/stm32ai-modelzoo-services/application_code/object_detection/STM32N6/Model/STM32N6570-DK/network.c:259:13:LL_ATON_End_EpochBlock_64	432	static
/Users/faizandarsot/spotwatchllc/stm32ai-modelzoo-services/application_code/object_detection/STM32N6/Model/STM32N6570-DK/network.c:136:13:LL_ATON_End_EpochBlock_59	424	static
/Users/faizandarsot/spotwatchllc/stm32ai-modelzoo-services/application_code/object_detection/STM32N6/Model/STM32N6570-DK/network.c:81:26:LL_ATON_Set_User_Input_Buffer_Default	0	static
/Users/faizandarsot/spotwatchllc/stm32ai-modelzoo-services/application_code/object_detection/STM32N6/Model/STM32N6570-DK/network.c:88:7:LL_ATON_Get_User_Input_Buffer_Default	0	static
/Users/faizandarsot/spotwatchllc/stm32ai-modelzoo-services/application_code/object_detection/STM32N6/Model/STM32N6570-DK/network.c:95:26:LL_ATON_Set_User_Output_Buffer_Default	0	static
/Users/faizandarsot/spotwatchllc/stm32ai-modelzoo-services/application_code/object_detection/STM32N6/Model/STM32N6570-DK/network.c:102:7:LL_ATON_Get_User_Output_Buffer_Default	0	static
/Users/faizandarsot/spotwatchllc/stm32ai-modelzoo-services/application_code/object_detection/STM32N6/Model/STM32N6570-DK/network_ecblobs.h:12608:6:LL_ATON_EC_Network_Init_Default	0	static
/Users/faizandarsot/spotwatchllc/stm32ai-modelzoo-services/application_code/object_detection/STM32N6/Model/STM32N6570-DK/network_ecblobs.h:12616:6:LL_ATON_EC_Inference_Init_Default	0	static
/Users/faizandarsot/spotwatchllc/stm32ai-modelzoo-services/application_code/object_detection/STM32N6/Model/STM32N6570-DK/network.c:1063:31:LL_ATON_EpochBlockItems_Default	0	static
/Users/faizandarsot/spotwatchllc/stm32ai-modelzoo-services/application_code/object_detection/STM32N6/Model/STM32N6570-DK/network.c:1217:30:LL_ATON_Input_Buffers_Info_Default	0	static
/Users/faizandarsot/spotwatchllc/stm32ai-modelzoo-services/application_code/object_detection/STM32N6/Model/STM32N6570-DK/network.c:5060:30:LL_ATON_Output_Buffers_Info_Default	0	static
/Users/faizandarsot/spotwatchllc/stm32ai-modelzoo-services/application_code/object_detection/STM32N6/Model/STM32N6570-DK/network.c:5138:30:LL_ATON_Internal_Buffers_Info_Default	0	static
