/Users/faizandarsot/spotwatchllc/stm32ai-modelzoo-services/application_code/object_detection/STM32N6/Middlewares/lib_vision_models_pp/lib_vision_models_pp/Src/od_pp_yolov8.c:19:9:yolov8_nms_comparator	8	static
/Users/faizandarsot/spotwatchllc/stm32ai-modelzoo-services/application_code/object_detection/STM32N6/Middlewares/lib_vision_models_pp/lib_vision_models_pp/Src/od_pp_yolov8.c:54:9:yolov8_pp_nmsFiltering_centroid	48	static
/Users/faizandarsot/spotwatchllc/stm32ai-modelzoo-services/application_code/object_detection/STM32N6/Middlewares/lib_vision_models_pp/lib_vision_models_pp/Src/od_pp_yolov8.c:116:9:yolov8_pp_scoreFiltering_centroid	20	static
/Users/faizandarsot/spotwatchllc/stm32ai-modelzoo-services/application_code/object_detection/STM32N6/Middlewares/lib_vision_models_pp/lib_vision_models_pp/Src/od_pp_yolov8.c:139:9:yolov8_pp_getNNBoxes_centroid	104	static
/Users/faizandarsot/spotwatchllc/stm32ai-modelzoo-services/application_code/object_detection/STM32N6/Middlewares/lib_vision_models_pp/lib_vision_models_pp/Src/od_pp_yolov8.c:181:9:yolov8_pp_getNNBoxes_centroid_int8	120	static
/Users/faizandarsot/spotwatchllc/stm32ai-modelzoo-services/application_code/object_detection/STM32N6/Middlewares/lib_vision_models_pp/lib_vision_models_pp/Src/od_pp_yolov8.c:260:9:od_yolov8_pp_reset	0	static
/Users/faizandarsot/spotwatchllc/stm32ai-modelzoo-services/application_code/object_detection/STM32N6/Middlewares/lib_vision_models_pp/lib_vision_models_pp/Src/od_pp_yolov8.c:269:9:od_yolov8_pp_process	16	static
/Users/faizandarsot/spotwatchllc/stm32ai-modelzoo-services/application_code/object_detection/STM32N6/Middlewares/lib_vision_models_pp/lib_vision_models_pp/Src/od_pp_yolov8.c:294:9:od_yolov8_pp_process_int8	16	static
